HLTNK_1.0 {
	global:

	hlthunk_alloc_conn;
	hlthunk_close;
	hlthunk_command_submission;
	hlthunk_debug;
	hlthunk_debugfs_close;
	hlthunk_debugfs_open;
	hlthunk_debugfs_read;
	hlthunk_debugfs_write;
	hlthunk_destroy_command_buffer;
	hlthunk_destroy_conn;
	hlthunk_device_memory_alloc;
	hlthunk_device_memory_free;
	hlthunk_device_memory_map;
	hlthunk_free;
	hlthunk_get_busy_engines_mask;
	hlthunk_get_cb_usage_count;
	hlthunk_get_clk_rate;
	hlthunk_get_clk_throttle_info;
	hlthunk_get_cs_counters_info;
	hlthunk_get_device_id_from_fd;
	hlthunk_get_device_index_from_pci_bus_id;
	hlthunk_get_device_name_from_fd;
	hlthunk_get_device_status_info;
	hlthunk_get_device_utilization;
	hlthunk_get_dram_usage;
	hlthunk_get_hw_block;
	hlthunk_get_hw_events_arr;
	hlthunk_get_hw_ip_info;
	hlthunk_get_info;
	hlthunk_get_mac_addr_info;
	hlthunk_get_pci_bus_id_from_fd;
	hlthunk_get_pci_counters_info;
	hlthunk_get_pll_frequency;
	hlthunk_get_reset_count_info;
	hlthunk_get_sync_manager_info;
	hlthunk_get_time_sync_info;
	hlthunk_get_total_energy_consumption_info;
	hlthunk_get_version;
	hlthunk_host_memory_map;
	hlthunk_host_memory_map_original;
	hlthunk_is_device_idle;
	hlthunk_malloc;
	hlthunk_memory_unmap;
	hlthunk_memory_unmap_original;
	hlthunk_open;
	hlthunk_open_by_module_id;
	hlthunk_open_control;
	hlthunk_profiler_destroy;
	hlthunk_profiler_get_trace;
	hlthunk_profiler_start;
	hlthunk_profiler_stop;
	hlthunk_request_command_buffer;
	hlthunk_request_mapped_command_buffer;
	hlthunk_set_requester_conn_ctx;
	hlthunk_set_responder_conn_ctx;
	hlthunk_signal_submission;
	hlthunk_staged_command_submission;
	hlthunk_wait_for_collective_signal;
	hlthunk_wait_for_cs;
	hlthunk_wait_for_cs_with_timestamp;
	hlthunk_wait_for_signal;

	local: *;
};
